

================================================================
== Vitis HLS Report for 'classifyinstance'
================================================================
* Date:           Mon Jan 31 16:43:30 2022

* Version:        2020.2 (Build 3064766 on Wed Nov 18 09:12:45 MST 2020)
* Project:        che-vitis
* Solution:       solution1 (Vivado IP Flow Target)
* Product family: zynq
* Target device:  xc7z020-clg484-1


================================================================
== Performance Estimates
================================================================
+ Timing: 
    * Summary: 
    +--------+----------+-----------+------------+
    |  Clock |  Target  | Estimated | Uncertainty|
    +--------+----------+-----------+------------+
    |ap_clk  |  20.00 ns|  16.158 ns|     5.40 ns|
    +--------+----------+-----------+------------+

+ Latency: 
    * Summary: 
    +---------+---------+----------+----------+-----+-----+---------+
    |  Latency (cycles) |  Latency (absolute) |  Interval | Pipeline|
    |   min   |   max   |    min   |    max   | min | max |   Type  |
    +---------+---------+----------+----------+-----+-----+---------+
    |        ?|        ?|         ?|         ?|    ?|    ?|     none|
    +---------+---------+----------+----------+-----+-----+---------+

    + Detail: 
        * Instance: 
        N/A

        * Loop: 
        +--------------------+---------+---------+----------+-----------+-----------+------+----------+
        |                    |  Latency (cycles) | Iteration|  Initiation Interval  | Trip |          |
        |      Loop Name     |   min   |   max   |  Latency |  achieved |   target  | Count| Pipelined|
        +--------------------+---------+---------+----------+-----------+-----------+------+----------+
        |- VITIS_LOOP_29_1   |       40|       40|         2|          2|          1|    20|       yes|
        |- VITIS_LOOP_80_1   |        ?|        ?|       227|         24|          1|     ?|       yes|
        |- VITIS_LOOP_106_1  |        6|        6|         1|          1|          1|     6|       yes|
        |- VITIS_LOOP_113_2  |       21|       21|         3|          1|          1|    20|       yes|
        |- VITIS_LOOP_127_3  |        7|        7|         2|          1|          1|     6|       yes|
        +--------------------+---------+---------+----------+-----------+-----------+------+----------+



================================================================
== Utilization Estimates
================================================================
* Summary: 
+-----------------+---------+-----+--------+-------+-----+
|       Name      | BRAM_18K| DSP |   FF   |  LUT  | URAM|
+-----------------+---------+-----+--------+-------+-----+
|DSP              |        -|    -|       -|      -|    -|
|Expression       |        -|    -|       0|   4841|    -|
|FIFO             |        -|    -|       -|      -|    -|
|Instance         |        -|   34|    2330|   5712|    -|
|Memory           |        0|    -|      16|      1|    -|
|Multiplexer      |        -|    -|       -|   1792|    -|
|Register         |        -|    -|   10176|   1088|    -|
+-----------------+---------+-----+--------+-------+-----+
|Total            |        0|   34|   12522|  13434|    0|
+-----------------+---------+-----+--------+-------+-----+
|Available        |      280|  220|  106400|  53200|    0|
+-----------------+---------+-----+--------+-------+-----+
|Utilization (%)  |        0|   15|      11|     25|    0|
+-----------------+---------+-----+--------+-------+-----+

+ Detail: 
    * Instance: 
    +---------------------------------------+------------------------------------+---------+----+-----+------+-----+
    |                Instance               |               Module               | BRAM_18K| DSP|  FF |  LUT | URAM|
    +---------------------------------------+------------------------------------+---------+----+-----+------+-----+
    |dadd_64ns_64ns_64_5_full_dsp_1_U4      |dadd_64ns_64ns_64_5_full_dsp_1      |        0|   3|  445|  1149|    0|
    |dadddsub_64ns_64ns_64_5_full_dsp_1_U1  |dadddsub_64ns_64ns_64_5_full_dsp_1  |        0|   3|  445|  1149|    0|
    |dadddsub_64ns_64ns_64_5_full_dsp_1_U2  |dadddsub_64ns_64ns_64_5_full_dsp_1  |        0|   3|  445|  1149|    0|
    |dadddsub_64ns_64ns_64_5_full_dsp_1_U3  |dadddsub_64ns_64ns_64_5_full_dsp_1  |        0|   3|  445|  1149|    0|
    |dcmp_64ns_64ns_1_2_no_dsp_1_U7         |dcmp_64ns_64ns_1_2_no_dsp_1         |        0|   0|    0|     0|    0|
    |dmul_64ns_64ns_64_4_max_dsp_1_U5       |dmul_64ns_64ns_64_4_max_dsp_1       |        0|  11|  275|   558|    0|
    |dmul_64ns_64ns_64_4_max_dsp_1_U6       |dmul_64ns_64ns_64_4_max_dsp_1       |        0|  11|  275|   558|    0|
    +---------------------------------------+------------------------------------+---------+----+-----+------+-----+
    |Total                                  |                                    |        0|  34| 2330|  5712|    0|
    +---------------------------------------+------------------------------------+---------+----+-----+------+-----+

    * DSP: 
    N/A

    * Memory: 
    +-------------+-----------+---------+----+----+-----+------+-----+------+-------------+
    |    Memory   |   Module  | BRAM_18K| FF | LUT| URAM| Words| Bits| Banks| W*Bits*Banks|
    +-------------+-----------+---------+----+----+-----+------+-----+------+-------------+
    |histogram_U  |histogram  |        0|  16|   1|    0|     6|    8|     1|           48|
    +-------------+-----------+---------+----+----+-----+------+-----+------+-------------+
    |Total        |           |        0|  16|   1|    0|     6|    8|     1|           48|
    +-------------+-----------+---------+----+----+-----+------+-----+------+-------------+

    * FIFO: 
    N/A

    * Expression: 
    +--------------------------------+----------+----+---+-----+------------+------------+
    |          Variable Name         | Operation| DSP| FF| LUT | Bitwidth P0| Bitwidth P1|
    +--------------------------------+----------+----+---+-----+------------+------------+
    |add_ln106_fu_3755_p2            |         +|   0|  0|   11|           3|           1|
    |add_ln113_fu_3782_p2            |         +|   0|  0|   13|           5|           1|
    |add_ln122_fu_3863_p2            |         +|   0|  0|   15|           8|           1|
    |add_ln29_fu_1192_p2             |         +|   0|  0|   13|           5|           1|
    |add_ln31_fu_1212_p2             |         +|   0|  0|   15|           8|           5|
    |add_ln58_fu_3734_p2             |         +|   0|  0|   15|           8|           5|
    |add_ln83_fu_1312_p2             |         +|   0|  0|   28|          21|          21|
    |add_ln87_10_fu_1474_p2          |         +|   0|  0|   25|          18|           4|
    |add_ln87_11_fu_1494_p2          |         +|   0|  0|   25|          18|           4|
    |add_ln87_12_fu_1504_p2          |         +|   0|  0|   25|          18|           4|
    |add_ln87_13_fu_1524_p2          |         +|   0|  0|   25|          18|           4|
    |add_ln87_14_fu_1534_p2          |         +|   0|  0|   25|          18|           4|
    |add_ln87_15_fu_1554_p2          |         +|   0|  0|   25|          18|           5|
    |add_ln87_16_fu_1564_p2          |         +|   0|  0|   25|          18|           5|
    |add_ln87_17_fu_1584_p2          |         +|   0|  0|   25|          18|           5|
    |add_ln87_18_fu_1594_p2          |         +|   0|  0|   25|          18|           5|
    |add_ln87_19_fu_1614_p2          |         +|   0|  0|   25|          18|           5|
    |add_ln87_1_fu_1342_p2           |         +|   0|  0|   25|          18|           2|
    |add_ln87_20_fu_1624_p2          |         +|   0|  0|   25|          18|           5|
    |add_ln87_21_fu_1644_p2          |         +|   0|  0|   25|          18|           5|
    |add_ln87_22_fu_1654_p2          |         +|   0|  0|   25|          18|           5|
    |add_ln87_23_fu_1674_p2          |         +|   0|  0|   25|          18|           5|
    |add_ln87_24_fu_1684_p2          |         +|   0|  0|   25|          18|           5|
    |add_ln87_25_fu_1704_p2          |         +|   0|  0|   25|          18|           5|
    |add_ln87_26_fu_1714_p2          |         +|   0|  0|   25|          18|           5|
    |add_ln87_27_fu_1734_p2          |         +|   0|  0|   25|          18|           5|
    |add_ln87_28_fu_1744_p2          |         +|   0|  0|   25|          18|           5|
    |add_ln87_29_fu_1764_p2          |         +|   0|  0|   25|          18|           5|
    |add_ln87_2_fu_1353_p2           |         +|   0|  0|   25|          18|           2|
    |add_ln87_30_fu_1774_p2          |         +|   0|  0|   25|          18|           5|
    |add_ln87_31_fu_1794_p2          |         +|   0|  0|   25|          18|           6|
    |add_ln87_32_fu_1804_p2          |         +|   0|  0|   25|          18|           6|
    |add_ln87_33_fu_1824_p2          |         +|   0|  0|   25|          18|           6|
    |add_ln87_34_fu_1834_p2          |         +|   0|  0|   25|          18|           6|
    |add_ln87_35_fu_1854_p2          |         +|   0|  0|   25|          18|           6|
    |add_ln87_36_fu_1864_p2          |         +|   0|  0|   25|          18|           6|
    |add_ln87_37_fu_1884_p2          |         +|   0|  0|   25|          18|           6|
    |add_ln87_38_fu_1894_p2          |         +|   0|  0|   25|          18|           6|
    |add_ln87_39_fu_1914_p2          |         +|   0|  0|   25|          18|           6|
    |add_ln87_3_fu_1374_p2           |         +|   0|  0|   25|          18|           3|
    |add_ln87_40_fu_1924_p2          |         +|   0|  0|   25|          18|           6|
    |add_ln87_41_fu_1948_p2          |         +|   0|  0|   25|          18|           6|
    |add_ln87_4_fu_1384_p2           |         +|   0|  0|   25|          18|           3|
    |add_ln87_5_fu_1404_p2           |         +|   0|  0|   25|          18|           3|
    |add_ln87_6_fu_1414_p2           |         +|   0|  0|   25|          18|           3|
    |add_ln87_7_fu_1434_p2           |         +|   0|  0|   25|          18|           4|
    |add_ln87_8_fu_1444_p2           |         +|   0|  0|   25|          18|           4|
    |add_ln87_9_fu_1464_p2           |         +|   0|  0|   25|          18|           4|
    |add_ln87_fu_1283_p2             |         +|   0|  0|   39|          32|           1|
    |i_5_fu_3875_p2                  |         +|   0|  0|   11|           3|           1|
    |and_ln49_10_fu_2456_p2          |       and|   0|  0|    2|           1|           1|
    |and_ln49_11_fu_2554_p2          |       and|   0|  0|    2|           1|           1|
    |and_ln49_12_fu_2560_p2          |       and|   0|  0|    2|           1|           1|
    |and_ln49_13_fu_2637_p2          |       and|   0|  0|    2|           1|           1|
    |and_ln49_14_fu_2643_p2          |       and|   0|  0|    2|           1|           1|
    |and_ln49_15_fu_2740_p2          |       and|   0|  0|    2|           1|           1|
    |and_ln49_16_fu_2746_p2          |       and|   0|  0|    2|           1|           1|
    |and_ln49_17_fu_2826_p2          |       and|   0|  0|    2|           1|           1|
    |and_ln49_18_fu_2832_p2          |       and|   0|  0|    2|           1|           1|
    |and_ln49_19_fu_2910_p2          |       and|   0|  0|    2|           1|           1|
    |and_ln49_1_fu_2091_p2           |       and|   0|  0|    2|           1|           1|
    |and_ln49_20_fu_2916_p2          |       and|   0|  0|    2|           1|           1|
    |and_ln49_21_fu_2972_p2          |       and|   0|  0|    2|           1|           1|
    |and_ln49_22_fu_2978_p2          |       and|   0|  0|    2|           1|           1|
    |and_ln49_23_fu_3055_p2          |       and|   0|  0|    2|           1|           1|
    |and_ln49_24_fu_3061_p2          |       and|   0|  0|    2|           1|           1|
    |and_ln49_25_fu_3117_p2          |       and|   0|  0|    2|           1|           1|
    |and_ln49_26_fu_3123_p2          |       and|   0|  0|    2|           1|           1|
    |and_ln49_27_fu_3200_p2          |       and|   0|  0|    2|           1|           1|
    |and_ln49_28_fu_3206_p2          |       and|   0|  0|    2|           1|           1|
    |and_ln49_29_fu_3262_p2          |       and|   0|  0|    2|           1|           1|
    |and_ln49_2_fu_2097_p2           |       and|   0|  0|    2|           1|           1|
    |and_ln49_30_fu_3268_p2          |       and|   0|  0|    2|           1|           1|
    |and_ln49_31_fu_3345_p2          |       and|   0|  0|    2|           1|           1|
    |and_ln49_32_fu_3351_p2          |       and|   0|  0|    2|           1|           1|
    |and_ln49_33_fu_3410_p2          |       and|   0|  0|    2|           1|           1|
    |and_ln49_34_fu_3416_p2          |       and|   0|  0|    2|           1|           1|
    |and_ln49_35_fu_3494_p2          |       and|   0|  0|    2|           1|           1|
    |and_ln49_36_fu_3500_p2          |       and|   0|  0|    2|           1|           1|
    |and_ln49_37_fu_3556_p2          |       and|   0|  0|    2|           1|           1|
    |and_ln49_38_fu_3562_p2          |       and|   0|  0|    2|           1|           1|
    |and_ln49_3_fu_2174_p2           |       and|   0|  0|    2|           1|           1|
    |and_ln49_4_fu_2180_p2           |       and|   0|  0|    2|           1|           1|
    |and_ln49_5_fu_2260_p2           |       and|   0|  0|    2|           1|           1|
    |and_ln49_6_fu_2266_p2           |       and|   0|  0|    2|           1|           1|
    |and_ln49_7_fu_2364_p2           |       and|   0|  0|    2|           1|           1|
    |and_ln49_8_fu_2370_p2           |       and|   0|  0|    2|           1|           1|
    |and_ln49_9_fu_2450_p2           |       and|   0|  0|    2|           1|           1|
    |and_ln49_fu_2013_p2             |       and|   0|  0|    2|           1|           1|
    |and_ln56_1_fu_3671_p2           |       and|   0|  0|    2|           1|           1|
    |and_ln56_fu_3665_p2             |       and|   0|  0|    2|           1|           1|
    |addr_cmp_fu_3842_p2             |      icmp|   0|  0|   29|          64|          64|
    |grp_fu_1024_p2                  |      icmp|   0|  0|   11|          11|           2|
    |grp_fu_1040_p2                  |      icmp|   0|  0|   11|          11|           2|
    |icmp_ln106_fu_3761_p2           |      icmp|   0|  0|    8|           3|           3|
    |icmp_ln113_fu_3788_p2           |      icmp|   0|  0|    9|           5|           5|
    |icmp_ln127_fu_3881_p2           |      icmp|   0|  0|    8|           3|           3|
    |icmp_ln129_fu_3892_p2           |      icmp|   0|  0|   11|           8|           8|
    |icmp_ln29_fu_1198_p2            |      icmp|   0|  0|    9|           5|           5|
    |icmp_ln49_11_fu_2046_p2         |      icmp|   0|  0|   24|          52|           1|
    |icmp_ln49_12_fu_2242_p2         |      icmp|   0|  0|   11|          11|           2|
    |icmp_ln49_13_fu_2248_p2         |      icmp|   0|  0|   24|          52|           1|
    |icmp_ln49_15_fu_2119_p2         |      icmp|   0|  0|   24|          52|           1|
    |icmp_ln49_16_fu_2346_p2         |      icmp|   0|  0|   11|          11|           2|
    |icmp_ln49_17_fu_2352_p2         |      icmp|   0|  0|   24|          52|           1|
    |icmp_ln49_19_fu_2129_p2         |      icmp|   0|  0|   24|          52|           1|
    |icmp_ln49_1_fu_1993_p2          |      icmp|   0|  0|   24|          52|           1|
    |icmp_ln49_20_fu_2432_p2         |      icmp|   0|  0|   11|          11|           2|
    |icmp_ln49_21_fu_2438_p2         |      icmp|   0|  0|   24|          52|           1|
    |icmp_ln49_23_fu_2202_p2         |      icmp|   0|  0|   24|          52|           1|
    |icmp_ln49_24_fu_2536_p2         |      icmp|   0|  0|   11|          11|           2|
    |icmp_ln49_25_fu_2542_p2         |      icmp|   0|  0|   24|          52|           1|
    |icmp_ln49_27_fu_2212_p2         |      icmp|   0|  0|   24|          52|           1|
    |icmp_ln49_28_fu_2619_p2         |      icmp|   0|  0|   11|          11|           2|
    |icmp_ln49_29_fu_2625_p2         |      icmp|   0|  0|   24|          52|           1|
    |icmp_ln49_31_fu_2309_p2         |      icmp|   0|  0|   24|          52|           1|
    |icmp_ln49_32_fu_2722_p2         |      icmp|   0|  0|   11|          11|           2|
    |icmp_ln49_33_fu_2728_p2         |      icmp|   0|  0|   24|          52|           1|
    |icmp_ln49_35_fu_2319_p2         |      icmp|   0|  0|   24|          52|           1|
    |icmp_ln49_36_fu_2808_p2         |      icmp|   0|  0|   11|          11|           2|
    |icmp_ln49_37_fu_2814_p2         |      icmp|   0|  0|   24|          52|           1|
    |icmp_ln49_39_fu_2392_p2         |      icmp|   0|  0|   24|          52|           1|
    |icmp_ln49_3_fu_2003_p2          |      icmp|   0|  0|   24|          52|           1|
    |icmp_ln49_40_fu_2892_p2         |      icmp|   0|  0|   11|          11|           2|
    |icmp_ln49_41_fu_2898_p2         |      icmp|   0|  0|   24|          52|           1|
    |icmp_ln49_43_fu_2402_p2         |      icmp|   0|  0|   24|          52|           1|
    |icmp_ln49_44_fu_2954_p2         |      icmp|   0|  0|   11|          11|           2|
    |icmp_ln49_45_fu_2960_p2         |      icmp|   0|  0|   24|          52|           1|
    |icmp_ln49_47_fu_2499_p2         |      icmp|   0|  0|   24|          52|           1|
    |icmp_ln49_48_fu_3037_p2         |      icmp|   0|  0|   11|          11|           2|
    |icmp_ln49_49_fu_3043_p2         |      icmp|   0|  0|   24|          52|           1|
    |icmp_ln49_4_fu_2073_p2          |      icmp|   0|  0|   11|          11|           2|
    |icmp_ln49_51_fu_2509_p2         |      icmp|   0|  0|   24|          52|           1|
    |icmp_ln49_52_fu_3099_p2         |      icmp|   0|  0|   11|          11|           2|
    |icmp_ln49_53_fu_3105_p2         |      icmp|   0|  0|   24|          52|           1|
    |icmp_ln49_55_fu_2582_p2         |      icmp|   0|  0|   24|          52|           1|
    |icmp_ln49_56_fu_3182_p2         |      icmp|   0|  0|   11|          11|           2|
    |icmp_ln49_57_fu_3188_p2         |      icmp|   0|  0|   24|          52|           1|
    |icmp_ln49_59_fu_2592_p2         |      icmp|   0|  0|   24|          52|           1|
    |icmp_ln49_5_fu_2079_p2          |      icmp|   0|  0|   24|          52|           1|
    |icmp_ln49_60_fu_3244_p2         |      icmp|   0|  0|   11|          11|           2|
    |icmp_ln49_61_fu_3250_p2         |      icmp|   0|  0|   24|          52|           1|
    |icmp_ln49_63_fu_2685_p2         |      icmp|   0|  0|   24|          52|           1|
    |icmp_ln49_64_fu_3327_p2         |      icmp|   0|  0|   11|          11|           2|
    |icmp_ln49_65_fu_3333_p2         |      icmp|   0|  0|   24|          52|           1|
    |icmp_ln49_67_fu_2695_p2         |      icmp|   0|  0|   24|          52|           1|
    |icmp_ln49_68_fu_3392_p2         |      icmp|   0|  0|   11|          11|           2|
    |icmp_ln49_69_fu_3398_p2         |      icmp|   0|  0|   24|          52|           1|
    |icmp_ln49_71_fu_2768_p2         |      icmp|   0|  0|   24|          52|           1|
    |icmp_ln49_72_fu_3476_p2         |      icmp|   0|  0|   11|          11|           2|
    |icmp_ln49_73_fu_3482_p2         |      icmp|   0|  0|   24|          52|           1|
    |icmp_ln49_75_fu_2778_p2         |      icmp|   0|  0|   24|          52|           1|
    |icmp_ln49_76_fu_3538_p2         |      icmp|   0|  0|   11|          11|           2|
    |icmp_ln49_77_fu_3544_p2         |      icmp|   0|  0|   24|          52|           1|
    |icmp_ln49_7_fu_2036_p2          |      icmp|   0|  0|   24|          52|           1|
    |icmp_ln49_8_fu_2156_p2          |      icmp|   0|  0|   11|          11|           2|
    |icmp_ln49_9_fu_2162_p2          |      icmp|   0|  0|   24|          52|           1|
    |icmp_ln56_1_fu_3649_p2          |      icmp|   0|  0|   24|          52|           1|
    |icmp_ln56_2_fu_3613_p2          |      icmp|   0|  0|   11|          11|           2|
    |icmp_ln56_3_fu_3619_p2          |      icmp|   0|  0|   24|          52|           1|
    |icmp_ln56_fu_3643_p2            |      icmp|   0|  0|   11|          11|           2|
    |icmp_ln80_fu_1289_p2            |      icmp|   0|  0|   18|          32|          32|
    |lshr_ln115_fu_3824_p2           |      lshr|   0|  0|  182|          64|          64|
    |lshr_ln83_fu_1974_p2            |      lshr|   0|  0|  182|          64|          64|
    |or_ln49_10_fu_2069_p2           |        or|   0|  0|    2|           1|           1|
    |or_ln49_11_fu_2085_p2           |        or|   0|  0|    2|           1|           1|
    |or_ln49_12_fu_2152_p2           |        or|   0|  0|    2|           1|           1|
    |or_ln49_13_fu_2168_p2           |        or|   0|  0|    2|           1|           1|
    |or_ln49_14_fu_2238_p2           |        or|   0|  0|    2|           1|           1|
    |or_ln49_15_fu_2254_p2           |        or|   0|  0|    2|           1|           1|
    |or_ln49_16_fu_2342_p2           |        or|   0|  0|    2|           1|           1|
    |or_ln49_17_fu_2358_p2           |        or|   0|  0|    2|           1|           1|
    |or_ln49_18_fu_2428_p2           |        or|   0|  0|    2|           1|           1|
    |or_ln49_19_fu_2444_p2           |        or|   0|  0|    2|           1|           1|
    |or_ln49_1_fu_2477_p2            |        or|   0|  0|    2|           1|           1|
    |or_ln49_20_fu_2532_p2           |        or|   0|  0|    2|           1|           1|
    |or_ln49_21_fu_2548_p2           |        or|   0|  0|    2|           1|           1|
    |or_ln49_22_fu_2615_p2           |        or|   0|  0|    2|           1|           1|
    |or_ln49_23_fu_2631_p2           |        or|   0|  0|    2|           1|           1|
    |or_ln49_24_fu_2718_p2           |        or|   0|  0|    2|           1|           1|
    |or_ln49_25_fu_2734_p2           |        or|   0|  0|    2|           1|           1|
    |or_ln49_26_fu_2804_p2           |        or|   0|  0|    2|           1|           1|
    |or_ln49_27_fu_2820_p2           |        or|   0|  0|    2|           1|           1|
    |or_ln49_28_fu_2888_p2           |        or|   0|  0|    2|           1|           1|
    |or_ln49_29_fu_2904_p2           |        or|   0|  0|    2|           1|           1|
    |or_ln49_2_fu_2664_p2            |        or|   0|  0|    2|           1|           1|
    |or_ln49_30_fu_2950_p2           |        or|   0|  0|    2|           1|           1|
    |or_ln49_31_fu_2966_p2           |        or|   0|  0|    2|           1|           1|
    |or_ln49_32_fu_3033_p2           |        or|   0|  0|    2|           1|           1|
    |or_ln49_33_fu_3049_p2           |        or|   0|  0|    2|           1|           1|
    |or_ln49_34_fu_3095_p2           |        or|   0|  0|    2|           1|           1|
    |or_ln49_35_fu_3111_p2           |        or|   0|  0|    2|           1|           1|
    |or_ln49_36_fu_3178_p2           |        or|   0|  0|    2|           1|           1|
    |or_ln49_37_fu_3194_p2           |        or|   0|  0|    2|           1|           1|
    |or_ln49_38_fu_3240_p2           |        or|   0|  0|    2|           1|           1|
    |or_ln49_39_fu_3256_p2           |        or|   0|  0|    2|           1|           1|
    |or_ln49_3_fu_2853_p2            |        or|   0|  0|    2|           1|           1|
    |or_ln49_40_fu_3323_p2           |        or|   0|  0|    2|           1|           1|
    |or_ln49_41_fu_3339_p2           |        or|   0|  0|    2|           1|           1|
    |or_ln49_42_fu_3388_p2           |        or|   0|  0|    2|           1|           1|
    |or_ln49_43_fu_3404_p2           |        or|   0|  0|    2|           1|           1|
    |or_ln49_44_fu_3472_p2           |        or|   0|  0|    2|           1|           1|
    |or_ln49_45_fu_3488_p2           |        or|   0|  0|    2|           1|           1|
    |or_ln49_46_fu_3534_p2           |        or|   0|  0|    2|           1|           1|
    |or_ln49_47_fu_3550_p2           |        or|   0|  0|    2|           1|           1|
    |or_ln49_4_fu_2999_p2            |        or|   0|  0|    2|           1|           1|
    |or_ln49_5_fu_3144_p2            |        or|   0|  0|    2|           1|           1|
    |or_ln49_6_fu_3289_p2            |        or|   0|  0|    2|           1|           1|
    |or_ln49_7_fu_3437_p2            |        or|   0|  0|    2|           1|           1|
    |or_ln49_8_fu_3583_p2            |        or|   0|  0|    2|           1|           1|
    |or_ln49_9_fu_2009_p2            |        or|   0|  0|    2|           1|           1|
    |or_ln49_fu_2287_p2              |        or|   0|  0|    2|           1|           1|
    |or_ln56_1_fu_3661_p2            |        or|   0|  0|    2|           1|           1|
    |or_ln56_fu_3655_p2              |        or|   0|  0|    2|           1|           1|
    |classification_id_1_fu_3910_p3  |    select|   0|  0|    8|           1|           8|
    |max_1_fu_3902_p3                |    select|   0|  0|    8|           1|           8|
    |reuse_select_fu_3856_p3         |    select|   0|  0|    8|           1|           8|
    |select_ln49_10_fu_2566_p3       |    select|   0|  0|   64|           1|          64|
    |select_ln49_11_fu_2649_p3       |    select|   0|  0|   64|           1|          64|
    |select_ln49_12_fu_2656_p3       |    select|   0|  0|    3|           1|           2|
    |select_ln49_13_fu_2669_p3       |    select|   0|  0|    3|           1|           3|
    |select_ln49_14_fu_2752_p3       |    select|   0|  0|   64|           1|          64|
    |select_ln49_15_fu_2838_p3       |    select|   0|  0|   64|           1|          64|
    |select_ln49_16_fu_2845_p3       |    select|   0|  0|    5|           1|           4|
    |select_ln49_17_fu_2858_p3       |    select|   0|  0|    4|           1|           4|
    |select_ln49_18_fu_2922_p3       |    select|   0|  0|   64|           1|          64|
    |select_ln49_19_fu_2984_p3       |    select|   0|  0|   64|           1|          64|
    |select_ln49_1_fu_2103_p3        |    select|   0|  0|   64|           1|          64|
    |select_ln49_20_fu_2991_p3       |    select|   0|  0|    4|           1|           4|
    |select_ln49_21_fu_3004_p3       |    select|   0|  0|    4|           1|           4|
    |select_ln49_22_fu_3067_p3       |    select|   0|  0|   64|           1|          64|
    |select_ln49_23_fu_3129_p3       |    select|   0|  0|   64|           1|          64|
    |select_ln49_24_fu_3136_p3       |    select|   0|  0|    4|           1|           3|
    |select_ln49_25_fu_3149_p3       |    select|   0|  0|    4|           1|           4|
    |select_ln49_26_fu_3212_p3       |    select|   0|  0|   64|           1|          64|
    |select_ln49_27_fu_3274_p3       |    select|   0|  0|   64|           1|          64|
    |select_ln49_28_fu_3281_p3       |    select|   0|  0|    3|           1|           2|
    |select_ln49_29_fu_3294_p3       |    select|   0|  0|    4|           1|           4|
    |select_ln49_2_fu_2186_p3        |    select|   0|  0|   64|           1|          64|
    |select_ln49_30_fu_3357_p3       |    select|   0|  0|   64|           1|          64|
    |select_ln49_31_fu_3422_p3       |    select|   0|  0|   64|           1|          64|
    |select_ln49_32_fu_3429_p3       |    select|   0|  0|    6|           1|           5|
    |select_ln49_33_fu_3442_p3       |    select|   0|  0|    5|           1|           5|
    |select_ln49_34_fu_3506_p3       |    select|   0|  0|   64|           1|          64|
    |select_ln49_35_fu_3568_p3       |    select|   0|  0|   64|           1|          64|
    |select_ln49_36_fu_3575_p3       |    select|   0|  0|    5|           1|           5|
    |select_ln49_37_fu_3588_p3       |    select|   0|  0|    5|           1|           5|
    |select_ln49_3_fu_2272_p3        |    select|   0|  0|   64|           1|          64|
    |select_ln49_4_fu_2279_p3        |    select|   0|  0|    3|           1|           2|
    |select_ln49_5_fu_2292_p3        |    select|   0|  0|    2|           1|           2|
    |select_ln49_6_fu_2376_p3        |    select|   0|  0|   64|           1|          64|
    |select_ln49_7_fu_2462_p3        |    select|   0|  0|   64|           1|          64|
    |select_ln49_8_fu_2469_p3        |    select|   0|  0|    4|           1|           3|
    |select_ln49_9_fu_2482_p3        |    select|   0|  0|    3|           1|           3|
    |select_ln49_fu_2019_p3          |    select|   0|  0|   64|           1|          64|
    |shl_ln33_2_fu_1268_p2           |       shl|   0|  0|  182|           8|          64|
    |shl_ln33_fu_1241_p2             |       shl|   0|  0|   17|           1|           8|
    |shl_ln57_2_fu_3706_p2           |       shl|   0|  0|  182|          64|          64|
    |shl_ln57_fu_3687_p2             |       shl|   0|  0|   17|           1|           8|
    |ap_enable_pp1                   |       xor|   0|  0|    2|           1|           2|
    |ap_enable_pp3                   |       xor|   0|  0|    2|           1|           2|
    |ap_enable_pp4                   |       xor|   0|  0|    2|           1|           2|
    |ap_enable_reg_pp3_iter1         |       xor|   0|  0|    2|           2|           1|
    +--------------------------------+----------+----+---+-----+------------+------------+
    |Total                           |          |   0|  0| 4841|        3675|        2176|
    +--------------------------------+----------+----+---+-----+------------+------------+

    * Multiplexer: 
    +------------------------------+-----+-----------+-----+-----------+
    |             Name             | LUT | Input Size| Bits| Total Bits|
    +------------------------------+-----+-----------+-----+-----------+
    |ap_NS_fsm                     |  159|         36|    1|         36|
    |ap_enable_reg_pp1_iter9       |    9|          2|    1|          2|
    |ap_enable_reg_pp3_iter1       |    9|          2|    1|          2|
    |ap_enable_reg_pp3_iter2       |    9|          2|    1|          2|
    |ap_enable_reg_pp4_iter1       |    9|          2|    1|          2|
    |ap_phi_mux_i_1_phi_fu_918_p4  |    9|          2|   32|         64|
    |ap_phi_mux_i_4_phi_fu_952_p4  |    9|          2|    3|          6|
    |best_points_address0          |   65|         15|    5|         75|
    |best_points_address1          |   65|         12|    5|         60|
    |best_points_d0                |   25|          5|   64|        320|
    |best_points_we0               |   20|          4|    8|         32|
    |classification_id_reg_960     |    9|          2|    8|         16|
    |grp_fu_1000_p0                |   48|          9|   64|        576|
    |grp_fu_1000_p1                |   48|          9|   64|        576|
    |grp_fu_1004_p0                |   31|          6|   64|        384|
    |grp_fu_1004_p1                |   31|          6|   64|        384|
    |grp_fu_1008_opcode            |   14|          3|    5|         15|
    |grp_fu_1008_p0                |  113|         22|   64|       1408|
    |grp_fu_1008_p1                |  113|         22|   64|       1408|
    |grp_fu_983_opcode             |   14|          3|    2|          6|
    |grp_fu_983_p0                 |   31|          6|   64|        384|
    |grp_fu_983_p1                 |  113|         25|   64|       1600|
    |grp_fu_987_opcode             |   14|          3|    2|          6|
    |grp_fu_987_p0                 |   20|          4|   64|        256|
    |grp_fu_987_p1                 |  113|         24|   64|       1536|
    |grp_fu_992_opcode             |   14|          3|    2|          6|
    |grp_fu_992_p0                 |   65|         12|   64|        768|
    |grp_fu_992_p1                 |  113|         23|   64|       1472|
    |grp_fu_996_p0                 |   37|          7|   64|        448|
    |grp_fu_996_p1                 |   87|         18|   64|       1152|
    |histogram_address0            |   14|          3|    3|          9|
    |histogram_address1            |   14|          3|    3|          9|
    |histogram_d0                  |   14|          3|    8|         24|
    |i_1_reg_914                   |    9|          2|   32|         64|
    |i_2_reg_926                   |    9|          2|    3|          6|
    |i_3_reg_937                   |    9|          2|    5|         10|
    |i_4_reg_948                   |    9|          2|    3|          6|
    |i_reg_903                     |    9|          2|    5|         10|
    |known_points_soa_address0     |  113|         23|   18|        414|
    |known_points_soa_address1     |  113|         23|   18|        414|
    |max_reg_972                   |    9|          2|    8|         16|
    |reg_1172                      |    9|          2|   64|        128|
    |reg_1177                      |    9|          2|   64|        128|
    |reg_1182                      |    9|          2|   64|        128|
    |reg_1187                      |    9|          2|   64|        128|
    |reuse_addr_reg_fu_282         |    9|          2|   64|        128|
    |reuse_reg_fu_286              |    9|          2|    8|         16|
    +------------------------------+-----+-----------+-----+-----------+
    |Total                         | 1792|        370| 1471|      14640|
    +------------------------------+-----+-----------+-----+-----------+

    * Register: 
    +----------------------------------------+-----+----+-----+-----------+
    |                  Name                  |  FF | LUT| Bits| Const Bits|
    +----------------------------------------+-----+----+-----+-----------+
    |add_ln29_reg_3937                       |    5|   0|    5|          0|
    |add_ln87_reg_4067                       |   32|   0|   32|          0|
    |addr_cmp_reg_5426                       |    1|   0|    1|          0|
    |and_ln49_12_reg_5048                    |    1|   0|    1|          0|
    |and_ln49_16_reg_5134                    |    1|   0|    1|          0|
    |and_ln49_20_reg_5195                    |    1|   0|    1|          0|
    |and_ln49_24_reg_5231                    |    1|   0|    1|          0|
    |and_ln49_28_reg_5272                    |    1|   0|    1|          0|
    |and_ln49_2_reg_4848                     |    1|   0|    1|          0|
    |and_ln49_32_reg_5308                    |    1|   0|    1|          0|
    |and_ln49_36_reg_5344                    |    1|   0|    1|          0|
    |and_ln49_4_reg_4886                     |    1|   0|    1|          0|
    |and_ln49_8_reg_4962                     |    1|   0|    1|          0|
    |and_ln56_1_reg_5389                     |    1|   0|    1|          0|
    |ap_CS_fsm                               |   35|   0|   35|          0|
    |ap_enable_reg_pp1_iter0                 |    1|   0|    1|          0|
    |ap_enable_reg_pp1_iter1                 |    1|   0|    1|          0|
    |ap_enable_reg_pp1_iter2                 |    1|   0|    1|          0|
    |ap_enable_reg_pp1_iter3                 |    1|   0|    1|          0|
    |ap_enable_reg_pp1_iter4                 |    1|   0|    1|          0|
    |ap_enable_reg_pp1_iter5                 |    1|   0|    1|          0|
    |ap_enable_reg_pp1_iter6                 |    1|   0|    1|          0|
    |ap_enable_reg_pp1_iter7                 |    1|   0|    1|          0|
    |ap_enable_reg_pp1_iter8                 |    1|   0|    1|          0|
    |ap_enable_reg_pp1_iter9                 |    1|   0|    1|          0|
    |ap_enable_reg_pp3_iter0                 |    1|   0|    1|          0|
    |ap_enable_reg_pp3_iter1                 |    1|   0|    1|          0|
    |ap_enable_reg_pp3_iter2                 |    1|   0|    1|          0|
    |ap_enable_reg_pp4_iter0                 |    1|   0|    1|          0|
    |ap_enable_reg_pp4_iter1                 |    1|   0|    1|          0|
    |best_points_load_12_reg_4990            |   64|   0|   64|          0|
    |best_points_load_14_reg_5033            |   64|   0|   64|          0|
    |best_points_load_16_reg_5076            |   64|   0|   64|          0|
    |best_points_load_18_reg_5119            |   64|   0|   64|          0|
    |best_points_load_20_reg_5162            |   64|   0|   64|          0|
    |bitcast_ln49_10_reg_5189                |   64|   0|   64|          0|
    |bitcast_ln49_11_reg_5207                |   64|   0|   64|          0|
    |bitcast_ln49_12_reg_5225                |   64|   0|   64|          0|
    |bitcast_ln49_13_reg_5243                |   64|   0|   64|          0|
    |bitcast_ln49_14_reg_5261                |   64|   0|   64|          0|
    |bitcast_ln49_15_reg_5284                |   64|   0|   64|          0|
    |bitcast_ln49_16_reg_5302                |   64|   0|   64|          0|
    |bitcast_ln49_17_reg_5320                |   64|   0|   64|          0|
    |bitcast_ln49_18_reg_5338                |   64|   0|   64|          0|
    |bitcast_ln49_19_reg_5356                |   64|   0|   64|          0|
    |bitcast_ln49_1_reg_4822                 |   64|   0|   64|          0|
    |bitcast_ln49_2_reg_4860                 |   64|   0|   64|          0|
    |bitcast_ln49_3_reg_4898                 |   64|   0|   64|          0|
    |bitcast_ln49_4_reg_4936                 |   64|   0|   64|          0|
    |bitcast_ln49_5_reg_4974                 |   64|   0|   64|          0|
    |bitcast_ln49_6_reg_5017                 |   64|   0|   64|          0|
    |bitcast_ln49_7_reg_5060                 |   64|   0|   64|          0|
    |bitcast_ln49_8_reg_5103                 |   64|   0|   64|          0|
    |bitcast_ln49_9_reg_5146                 |   64|   0|   64|          0|
    |bitcast_ln49_reg_4789                   |   64|   0|   64|          0|
    |bitcast_ln56_reg_5384                   |   64|   0|   64|          0|
    |bitcast_ln87_reg_3960                   |   64|   0|   64|          0|
    |classification_id_reg_960               |    8|   0|    8|          0|
    |distance_1_11_reg_4784                  |   64|   0|   64|          0|
    |distance_1_40_reg_5267                  |   64|   0|   64|          0|
    |empty_22_reg_4086                       |   18|   0|   18|          0|
    |histogram_addr_1_reg_5420               |    3|   0|    3|          0|
    |i_1_reg_914                             |   32|   0|   32|          0|
    |i_2_reg_926                             |    3|   0|    3|          0|
    |i_3_reg_937                             |    5|   0|    5|          0|
    |i_4_reg_948                             |    3|   0|    3|          0|
    |i_5_reg_5431                            |    3|   0|    3|          0|
    |i_reg_903                               |    5|   0|    5|          0|
    |icmp_ln113_reg_5406                     |    1|   0|    1|          0|
    |icmp_ln113_reg_5406_pp3_iter1_reg       |    1|   0|    1|          0|
    |icmp_ln127_reg_5436                     |    1|   0|    1|          0|
    |icmp_ln49_10_reg_4838                   |    1|   0|    1|          0|
    |icmp_ln49_11_reg_4843                   |    1|   0|    1|          0|
    |icmp_ln49_14_reg_4866                   |    1|   0|    1|          0|
    |icmp_ln49_15_reg_4871                   |    1|   0|    1|          0|
    |icmp_ln49_18_reg_4876                   |    1|   0|    1|          0|
    |icmp_ln49_19_reg_4881                   |    1|   0|    1|          0|
    |icmp_ln49_1_reg_4800                    |    1|   0|    1|          0|
    |icmp_ln49_22_reg_4904                   |    1|   0|    1|          0|
    |icmp_ln49_23_reg_4909                   |    1|   0|    1|          0|
    |icmp_ln49_26_reg_4914                   |    1|   0|    1|          0|
    |icmp_ln49_27_reg_4919                   |    1|   0|    1|          0|
    |icmp_ln49_2_reg_4805                    |    1|   0|    1|          0|
    |icmp_ln49_30_reg_4942                   |    1|   0|    1|          0|
    |icmp_ln49_31_reg_4947                   |    1|   0|    1|          0|
    |icmp_ln49_34_reg_4952                   |    1|   0|    1|          0|
    |icmp_ln49_35_reg_4957                   |    1|   0|    1|          0|
    |icmp_ln49_38_reg_4980                   |    1|   0|    1|          0|
    |icmp_ln49_39_reg_4985                   |    1|   0|    1|          0|
    |icmp_ln49_3_reg_4810                    |    1|   0|    1|          0|
    |icmp_ln49_42_reg_4995                   |    1|   0|    1|          0|
    |icmp_ln49_43_reg_5000                   |    1|   0|    1|          0|
    |icmp_ln49_46_reg_5023                   |    1|   0|    1|          0|
    |icmp_ln49_47_reg_5028                   |    1|   0|    1|          0|
    |icmp_ln49_50_reg_5038                   |    1|   0|    1|          0|
    |icmp_ln49_51_reg_5043                   |    1|   0|    1|          0|
    |icmp_ln49_54_reg_5066                   |    1|   0|    1|          0|
    |icmp_ln49_55_reg_5071                   |    1|   0|    1|          0|
    |icmp_ln49_58_reg_5081                   |    1|   0|    1|          0|
    |icmp_ln49_59_reg_5086                   |    1|   0|    1|          0|
    |icmp_ln49_62_reg_5109                   |    1|   0|    1|          0|
    |icmp_ln49_63_reg_5114                   |    1|   0|    1|          0|
    |icmp_ln49_66_reg_5124                   |    1|   0|    1|          0|
    |icmp_ln49_67_reg_5129                   |    1|   0|    1|          0|
    |icmp_ln49_6_reg_4828                    |    1|   0|    1|          0|
    |icmp_ln49_70_reg_5152                   |    1|   0|    1|          0|
    |icmp_ln49_71_reg_5157                   |    1|   0|    1|          0|
    |icmp_ln49_74_reg_5167                   |    1|   0|    1|          0|
    |icmp_ln49_75_reg_5172                   |    1|   0|    1|          0|
    |icmp_ln49_7_reg_4833                    |    1|   0|    1|          0|
    |icmp_ln49_reg_4795                      |    1|   0|    1|          0|
    |icmp_ln56_2_reg_5374                    |    1|   0|    1|          0|
    |icmp_ln56_3_reg_5379                    |    1|   0|    1|          0|
    |icmp_ln80_reg_4072                      |    1|   0|    1|          0|
    |known_point_classification_id_reg_4704  |    8|   0|    8|          0|
    |lshr_ln1_reg_3955                       |    2|   0|    2|          0|
    |lshr_ln2_reg_4129                       |   18|   0|   18|          0|
    |max_reg_972                             |    8|   0|    8|          0|
    |mul_i_10_reg_4454                       |   64|   0|   64|          0|
    |mul_i_11_reg_4479                       |   64|   0|   64|          0|
    |mul_i_12_reg_4484                       |   64|   0|   64|          0|
    |mul_i_13_reg_4509                       |   64|   0|   64|          0|
    |mul_i_14_reg_4514                       |   64|   0|   64|          0|
    |mul_i_15_reg_4539                       |   64|   0|   64|          0|
    |mul_i_16_reg_4544                       |   64|   0|   64|          0|
    |mul_i_17_reg_4569                       |   64|   0|   64|          0|
    |mul_i_18_reg_4574                       |   64|   0|   64|          0|
    |mul_i_19_reg_4599                       |   64|   0|   64|          0|
    |mul_i_1_reg_4304                        |   64|   0|   64|          0|
    |mul_i_20_reg_4604                       |   64|   0|   64|          0|
    |mul_i_21_reg_4629                       |   64|   0|   64|          0|
    |mul_i_22_reg_4634                       |   64|   0|   64|          0|
    |mul_i_23_reg_4664                       |   64|   0|   64|          0|
    |mul_i_24_reg_4669                       |   64|   0|   64|          0|
    |mul_i_25_reg_4689                       |   64|   0|   64|          0|
    |mul_i_26_reg_4694                       |   64|   0|   64|          0|
    |mul_i_27_reg_4709                       |   64|   0|   64|          0|
    |mul_i_28_reg_4714                       |   64|   0|   64|          0|
    |mul_i_29_reg_4719                       |   64|   0|   64|          0|
    |mul_i_2_reg_4329                        |   64|   0|   64|          0|
    |mul_i_30_reg_4724                       |   64|   0|   64|          0|
    |mul_i_31_reg_4729                       |   64|   0|   64|          0|
    |mul_i_32_reg_4734                       |   64|   0|   64|          0|
    |mul_i_33_reg_4739                       |   64|   0|   64|          0|
    |mul_i_34_reg_4744                       |   64|   0|   64|          0|
    |mul_i_35_reg_4749                       |   64|   0|   64|          0|
    |mul_i_36_reg_4754                       |   64|   0|   64|          0|
    |mul_i_37_reg_4759                       |   64|   0|   64|          0|
    |mul_i_38_reg_4764                       |   64|   0|   64|          0|
    |mul_i_39_reg_4769                       |   64|   0|   64|          0|
    |mul_i_3_reg_4334                        |   64|   0|   64|          0|
    |mul_i_40_reg_4774                       |   64|   0|   64|          0|
    |mul_i_41_reg_4779                       |   64|   0|   64|          0|
    |mul_i_4_reg_4359                        |   64|   0|   64|          0|
    |mul_i_5_reg_4364                        |   64|   0|   64|          0|
    |mul_i_6_reg_4389                        |   64|   0|   64|          0|
    |mul_i_6_reg_4389_pp1_iter1_reg          |   64|   0|   64|          0|
    |mul_i_7_reg_4394                        |   64|   0|   64|          0|
    |mul_i_7_reg_4394_pp1_iter1_reg          |   64|   0|   64|          0|
    |mul_i_8_reg_4419                        |   64|   0|   64|          0|
    |mul_i_8_reg_4419_pp1_iter1_reg          |   64|   0|   64|          0|
    |mul_i_9_reg_4424                        |   64|   0|   64|          0|
    |mul_i_9_reg_4424_pp1_iter1_reg          |   64|   0|   64|          0|
    |mul_i_reg_4299                          |   64|   0|   64|          0|
    |mul_i_s_reg_4449                        |   64|   0|   64|          0|
    |reg_1046                                |   64|   0|   64|          0|
    |reg_1052                                |   64|   0|   64|          0|
    |reg_1058                                |   64|   0|   64|          0|
    |reg_1066                                |   64|   0|   64|          0|
    |reg_1074                                |   64|   0|   64|          0|
    |reg_1080                                |   64|   0|   64|          0|
    |reg_1088                                |   64|   0|   64|          0|
    |reg_1095                                |   64|   0|   64|          0|
    |reg_1103                                |   64|   0|   64|          0|
    |reg_1110                                |   64|   0|   64|          0|
    |reg_1117                                |   64|   0|   64|          0|
    |reg_1122                                |   64|   0|   64|          0|
    |reg_1128                                |   64|   0|   64|          0|
    |reg_1134                                |   64|   0|   64|          0|
    |reg_1140                                |   64|   0|   64|          0|
    |reg_1145                                |   64|   0|   64|          0|
    |reg_1150                                |   64|   0|   64|          0|
    |reg_1156                                |   64|   0|   64|          0|
    |reg_1162                                |   64|   0|   64|          0|
    |reg_1168                                |   64|   0|   64|          0|
    |reg_1172                                |   64|   0|   64|          0|
    |reg_1177                                |   64|   0|   64|          0|
    |reg_1182                                |   64|   0|   64|          0|
    |reg_1187                                |   64|   0|   64|          0|
    |reuse_addr_reg_fu_282                   |   64|   0|   64|          0|
    |reuse_reg_fu_286                        |    8|   0|    8|          0|
    |select_ln49_10_reg_5053                 |   64|   0|   64|          0|
    |select_ln49_11_reg_5091                 |   64|   0|   64|          0|
    |select_ln49_13_reg_5098                 |    3|   0|    3|          0|
    |select_ln49_14_reg_5139                 |   64|   0|   64|          0|
    |select_ln49_15_reg_5177                 |   64|   0|   64|          0|
    |select_ln49_17_reg_5184                 |    4|   0|    4|          0|
    |select_ln49_18_reg_5200                 |   64|   0|   64|          0|
    |select_ln49_19_reg_5213                 |   64|   0|   64|          0|
    |select_ln49_1_reg_4853                  |   64|   0|   64|          0|
    |select_ln49_21_reg_5220                 |    4|   0|    4|          0|
    |select_ln49_22_reg_5236                 |   64|   0|   64|          0|
    |select_ln49_23_reg_5249                 |   64|   0|   64|          0|
    |select_ln49_25_reg_5256                 |    4|   0|    4|          0|
    |select_ln49_26_reg_5277                 |   64|   0|   64|          0|
    |select_ln49_27_reg_5290                 |   64|   0|   64|          0|
    |select_ln49_29_reg_5297                 |    4|   0|    4|          0|
    |select_ln49_2_reg_4891                  |   64|   0|   64|          0|
    |select_ln49_30_reg_5313                 |   64|   0|   64|          0|
    |select_ln49_31_reg_5326                 |   64|   0|   64|          0|
    |select_ln49_33_reg_5333                 |    5|   0|    5|          0|
    |select_ln49_34_reg_5349                 |   64|   0|   64|          0|
    |select_ln49_37_reg_5367                 |    5|   0|    5|          0|
    |select_ln49_3_reg_4924                  |   64|   0|   64|          0|
    |select_ln49_5_reg_4931                  |    2|   0|    2|          0|
    |select_ln49_6_reg_4967                  |   64|   0|   64|          0|
    |select_ln49_7_reg_5005                  |   64|   0|   64|          0|
    |select_ln49_9_reg_5012                  |    3|   0|    3|          0|
    |select_ln49_reg_4815                    |   64|   0|   64|          0|
    |shl_ln33_reg_3950                       |    8|   0|    8|          0|
    |trunc_ln115_reg_5415                    |    3|   0|    3|          0|
    |trunc_ln33_reg_3945                     |    3|   0|    3|          0|
    |trunc_ln83_reg_4134                     |    3|   0|    3|          0|
    |known_point_classification_id_reg_4704  |   64|  32|    8|          0|
    |mul_i_10_reg_4454                       |   64|  32|   64|          0|
    |mul_i_11_reg_4479                       |   64|  32|   64|          0|
    |mul_i_12_reg_4484                       |   64|  32|   64|          0|
    |mul_i_13_reg_4509                       |   64|  32|   64|          0|
    |mul_i_14_reg_4514                       |   64|  32|   64|          0|
    |mul_i_15_reg_4539                       |   64|  32|   64|          0|
    |mul_i_16_reg_4544                       |   64|  32|   64|          0|
    |mul_i_17_reg_4569                       |   64|  32|   64|          0|
    |mul_i_18_reg_4574                       |   64|  32|   64|          0|
    |mul_i_19_reg_4599                       |   64|  32|   64|          0|
    |mul_i_20_reg_4604                       |   64|  32|   64|          0|
    |mul_i_21_reg_4629                       |   64|  32|   64|          0|
    |mul_i_22_reg_4634                       |   64|  32|   64|          0|
    |mul_i_23_reg_4664                       |   64|  32|   64|          0|
    |mul_i_24_reg_4669                       |   64|  32|   64|          0|
    |mul_i_25_reg_4689                       |   64|  32|   64|          0|
    |mul_i_26_reg_4694                       |   64|  32|   64|          0|
    |mul_i_27_reg_4709                       |   64|  32|   64|          0|
    |mul_i_28_reg_4714                       |   64|  32|   64|          0|
    |mul_i_29_reg_4719                       |   64|  32|   64|          0|
    |mul_i_30_reg_4724                       |   64|  32|   64|          0|
    |mul_i_31_reg_4729                       |   64|  32|   64|          0|
    |mul_i_32_reg_4734                       |   64|  32|   64|          0|
    |mul_i_33_reg_4739                       |   64|  32|   64|          0|
    |mul_i_34_reg_4744                       |   64|  32|   64|          0|
    |mul_i_35_reg_4749                       |   64|  32|   64|          0|
    |mul_i_36_reg_4754                       |   64|  32|   64|          0|
    |mul_i_37_reg_4759                       |   64|  32|   64|          0|
    |mul_i_38_reg_4764                       |   64|  32|   64|          0|
    |mul_i_39_reg_4769                       |   64|  32|   64|          0|
    |mul_i_40_reg_4774                       |   64|  32|   64|          0|
    |mul_i_41_reg_4779                       |   64|  32|   64|          0|
    |mul_i_s_reg_4449                        |   64|  32|   64|          0|
    +----------------------------------------+-----+----+-----+-----------+
    |Total                                   |10176|1088|10120|          0|
    +----------------------------------------+-----+----+-----+-----------+



================================================================
== Interface
================================================================
* Summary: 
+-----------------------------+-----+-----+------------+-----------------------------+--------------+
|          RTL Ports          | Dir | Bits|  Protocol  |        Source Object        |    C Type    |
+-----------------------------+-----+-----+------------+-----------------------------+--------------+
|ap_clk                       |   in|    1|  ap_ctrl_hs|             classifyinstance|  return value|
|ap_rst                       |   in|    1|  ap_ctrl_hs|             classifyinstance|  return value|
|ap_start                     |   in|    1|  ap_ctrl_hs|             classifyinstance|  return value|
|ap_done                      |  out|    1|  ap_ctrl_hs|             classifyinstance|  return value|
|ap_idle                      |  out|    1|  ap_ctrl_hs|             classifyinstance|  return value|
|ap_ready                     |  out|    1|  ap_ctrl_hs|             classifyinstance|  return value|
|ap_return                    |  out|    8|  ap_ctrl_hs|             classifyinstance|  return value|
|new_point_features           |   in|   64|     ap_none|           new_point_features|       pointer|
|new_point_classification_id  |   in|    8|     ap_none|  new_point_classification_id|        scalar|
|k                            |   in|   32|     ap_none|                            k|        scalar|
|best_points_address0         |  out|    5|   ap_memory|                  best_points|         array|
|best_points_ce0              |  out|    1|   ap_memory|                  best_points|         array|
|best_points_we0              |  out|    8|   ap_memory|                  best_points|         array|
|best_points_d0               |  out|   64|   ap_memory|                  best_points|         array|
|best_points_q0               |   in|   64|   ap_memory|                  best_points|         array|
|best_points_address1         |  out|    5|   ap_memory|                  best_points|         array|
|best_points_ce1              |  out|    1|   ap_memory|                  best_points|         array|
|best_points_q1               |   in|   64|   ap_memory|                  best_points|         array|
|num_classes                  |   in|   32|     ap_none|                  num_classes|        scalar|
|known_points_soa_address0    |  out|   18|   ap_memory|             known_points_soa|         array|
|known_points_soa_ce0         |  out|    1|   ap_memory|             known_points_soa|         array|
|known_points_soa_q0          |   in|   64|   ap_memory|             known_points_soa|         array|
|known_points_soa_address1    |  out|   18|   ap_memory|             known_points_soa|         array|
|known_points_soa_ce1         |  out|    1|   ap_memory|             known_points_soa|         array|
|known_points_soa_q1          |   in|   64|   ap_memory|             known_points_soa|         array|
|num_points                   |   in|   32|     ap_none|                   num_points|        scalar|
|num_features                 |   in|   32|     ap_none|                 num_features|        scalar|
+-----------------------------+-----+-----+------------+-----------------------------+--------------+

